in_source: |-
  (input a)
  (loop (!= a 0)
    (print a)
    (input a)
  )
in_stdin: |-
  foo
out_code: |
  JP 4 
  NOP  
  NOP  
  NOP  
  LIT 0 
  ST 2 
  LD 2 
  ST 3 
  IN 1 
  ST 3 
  LD 3 
  NEQ 2 
  JPZ 20 
  LD 3 
  OUT 0 
  LD 2 
  ST 3 
  IN 1 
  ST 3 
  JP 10 
  HLT  
out_stdout: |
  source LoC: 4 code instr: 21
  ============================================================
  foo
   ------------ ФИО ------------- | alg | LoC | code | инстр. | такт. 
  Шляпников Александр Дмитриевич | --- | --- | 21 | 34 | 40
out_log: |
  DEBUG   machine:log           TICK:   1 PC:   4 ADDR:   0 MEM_OUT: Opcode.JP ACC: 0 OP_REG: 0 COMMAND: LIT 0@4
  DEBUG   machine:log           TICK:   2 PC:   5 ADDR:   0 MEM_OUT: Opcode.JP ACC: 0 OP_REG: 0 COMMAND: ST 2@5
  DEBUG   machine:log           TICK:   3 PC:   6 ADDR:   2 MEM_OUT: 0 ACC: 0 OP_REG: 0 COMMAND: LD 2@6
  DEBUG   machine:log           TICK:   4 PC:   7 ADDR:   2 MEM_OUT: 0 ACC: 0 OP_REG: 0 COMMAND: ST 3@7
  DEBUG   machine:log           TICK:   5 PC:   8 ADDR:   3 MEM_OUT: 0 ACC: 0 OP_REG: 0 COMMAND: IN 1@8
  DEBUG   machine:log           TICK:   6 PC:   9 ADDR:   3 MEM_OUT: 0 ACC: 102 OP_REG: 0 COMMAND: ST 3@9
  DEBUG   machine:log           TICK:   7 PC:  10 ADDR:   3 MEM_OUT: 102 ACC: 102 OP_REG: 0 COMMAND: LD 3@10
  DEBUG   machine:log           TICK:   8 PC:  11 ADDR:   3 MEM_OUT: 102 ACC: 102 OP_REG: 0 COMMAND: NEQ 2@11
  DEBUG   machine:log           TICK:  11 PC:  12 ADDR:   2 MEM_OUT: 0 ACC: 1 OP_REG: 102 COMMAND: JPZ 20@12
  DEBUG   machine:log           TICK:  12 PC:  13 ADDR:   2 MEM_OUT: 0 ACC: 1 OP_REG: 102 COMMAND: LD 3@13
  DEBUG   machine:log           TICK:  13 PC:  14 ADDR:   3 MEM_OUT: 102 ACC: 102 OP_REG: 102 COMMAND: OUT 0@14
  DEBUG   machine:log           TICK:  14 PC:  15 ADDR:   3 MEM_OUT: 102 ACC: 102 OP_REG: 102 COMMAND: LD 2@15
  DEBUG   machine:log           TICK:  15 PC:  16 ADDR:   2 MEM_OUT: 0 ACC: 0 OP_REG: 102 COMMAND: ST 3@16
  DEBUG   machine:log           TICK:  16 PC:  17 ADDR:   3 MEM_OUT: 0 ACC: 0 OP_REG: 102 COMMAND: IN 1@17
  DEBUG   machine:log           TICK:  17 PC:  18 ADDR:   3 MEM_OUT: 0 ACC: 111 OP_REG: 102 COMMAND: ST 3@18
  DEBUG   machine:log           TICK:  18 PC:  19 ADDR:   3 MEM_OUT: 111 ACC: 111 OP_REG: 102 COMMAND: JP 10@19
  DEBUG   machine:log           TICK:  19 PC:  10 ADDR:   3 MEM_OUT: 111 ACC: 111 OP_REG: 102 COMMAND: LD 3@10
  DEBUG   machine:log           TICK:  20 PC:  11 ADDR:   3 MEM_OUT: 111 ACC: 111 OP_REG: 102 COMMAND: NEQ 2@11
  DEBUG   machine:log           TICK:  23 PC:  12 ADDR:   2 MEM_OUT: 0 ACC: 1 OP_REG: 111 COMMAND: JPZ 20@12
  DEBUG   machine:log           TICK:  24 PC:  13 ADDR:   2 MEM_OUT: 0 ACC: 1 OP_REG: 111 COMMAND: LD 3@13
  DEBUG   machine:log           TICK:  25 PC:  14 ADDR:   3 MEM_OUT: 111 ACC: 111 OP_REG: 111 COMMAND: OUT 0@14
  DEBUG   machine:log           TICK:  26 PC:  15 ADDR:   3 MEM_OUT: 111 ACC: 111 OP_REG: 111 COMMAND: LD 2@15
  DEBUG   machine:log           TICK:  27 PC:  16 ADDR:   2 MEM_OUT: 0 ACC: 0 OP_REG: 111 COMMAND: ST 3@16
  DEBUG   machine:log           TICK:  28 PC:  17 ADDR:   3 MEM_OUT: 0 ACC: 0 OP_REG: 111 COMMAND: IN 1@17
  DEBUG   machine:log           TICK:  29 PC:  18 ADDR:   3 MEM_OUT: 0 ACC: 111 OP_REG: 111 COMMAND: ST 3@18
  DEBUG   machine:log           TICK:  30 PC:  19 ADDR:   3 MEM_OUT: 111 ACC: 111 OP_REG: 111 COMMAND: JP 10@19
  DEBUG   machine:log           TICK:  31 PC:  10 ADDR:   3 MEM_OUT: 111 ACC: 111 OP_REG: 111 COMMAND: LD 3@10
  DEBUG   machine:log           TICK:  32 PC:  11 ADDR:   3 MEM_OUT: 111 ACC: 111 OP_REG: 111 COMMAND: NEQ 2@11
  DEBUG   machine:log           TICK:  35 PC:  12 ADDR:   2 MEM_OUT: 0 ACC: 1 OP_REG: 111 COMMAND: JPZ 20@12
  DEBUG   machine:log           TICK:  36 PC:  13 ADDR:   2 MEM_OUT: 0 ACC: 1 OP_REG: 111 COMMAND: LD 3@13
  DEBUG   machine:log           TICK:  37 PC:  14 ADDR:   3 MEM_OUT: 111 ACC: 111 OP_REG: 111 COMMAND: OUT 0@14
  DEBUG   machine:log           TICK:  38 PC:  15 ADDR:   3 MEM_OUT: 111 ACC: 111 OP_REG: 111 COMMAND: LD 2@15
  DEBUG   machine:log           TICK:  39 PC:  16 ADDR:   2 MEM_OUT: 0 ACC: 0 OP_REG: 111 COMMAND: ST 3@16
  DEBUG   machine:log           TICK:  40 PC:  17 ADDR:   3 MEM_OUT: 0 ACC: 0 OP_REG: 111 COMMAND: IN 1@17
  WARNING machine:simulate      Input buffer is empty
  DEBUG   machine:simulate      Output buffer: foo
  DEBUG   machine:simulate      Execution stopped
