in_source: |-
  (print_int (set x 1))
  (print (if (= (+ 0 1) 1) "T"))
  (print (if (= (if (= x 1) (+ 0 1)) 1) (input)))
  (print "\n")
  (print_int x)
  (print "\n")
  (loop (or (< (+ x 1) 3) (= (+ x 1) 3))
      (set x (+ x 1))
      (print_int x)
      (print "\n")
  )
in_stdin: |-
  dudo
out_code: |
  JP 13
  MEM 1
  MEM 0
  MEM 0
  MEM 0
  MEM 2147483713
  MEM 0
  MEM 2147483715
  MEM 0
  MEM 3
  MEM 0
  MEM 0
  MEM 0
  LD 1
  ST 2
  OUT_PURE 0
  LD 3
  ADD 1
  ST 4
  LD 4
  EQ 1
  JPZ 23
  LD 5
  OUT 0
  LD 2
  EQ 1
  JPZ 29
  LD 3
  ADD 1
  ST 6
  LD 6
  EQ 1
  JPZ 34
  IN 1
  OUT 0
  LD 7
  OUT 0
  LD 2
  OUT_PURE 0
  LD 7
  OUT 0
  LD 2
  ADD 1
  ST 8
  LD 8
  LW 9
  ST 10
  LD 2
  ADD 1
  ST 11
  LD 11
  EQ 9
  ST 12
  LD 10
  OR 12
  JPZ 64
  LD 2
  ADD 1
  ST 2
  LD 2
  OUT_PURE 0
  LD 7
  OUT 0
  JP 41
  HLT
  MEM 1
  MEM 84
  MEM 1
  MEM 10
out_stdout: |+
  source LoC: 11 code instr: 53
  ============================================================
  1Td
  1
  2
  3

out_log: |
  DEBUG   machine:log           INSTR:   0 TICK:   1 PC:  13 ADDR:   0 MEM_OUT: Opcode.JP ACC: 0 OP_REG: 0 COMMAND: JP 13 @0
  DEBUG   machine:log           INSTR:   1 TICK:   3 PC:  14 ADDR:   1 MEM_OUT: 1 ACC: 1 OP_REG: 0 COMMAND: LD 1 @13
  DEBUG   machine:log           INSTR:   2 TICK:   5 PC:  15 ADDR:   2 MEM_OUT: 1 ACC: 1 OP_REG: 0 COMMAND: ST 2 @14
  DEBUG   machine:log           INSTR:   3 TICK:   6 PC:  16 ADDR:   2 MEM_OUT: 1 ACC: 1 OP_REG: 0 COMMAND: OUT_PURE 0 @15
  DEBUG   machine:log           INSTR:   4 TICK:   8 PC:  17 ADDR:   3 MEM_OUT: 0 ACC: 0 OP_REG: 0 COMMAND: LD 3 @16
  DEBUG   machine:log           INSTR:   5 TICK:  11 PC:  18 ADDR:   1 MEM_OUT: 1 ACC: 1 OP_REG: 0 COMMAND: ADD 1 @17
  DEBUG   machine:log           INSTR:   6 TICK:  13 PC:  19 ADDR:   4 MEM_OUT: 1 ACC: 1 OP_REG: 0 COMMAND: ST 4 @18
  DEBUG   machine:log           INSTR:   7 TICK:  15 PC:  20 ADDR:   4 MEM_OUT: 1 ACC: 1 OP_REG: 0 COMMAND: LD 4 @19
  DEBUG   machine:log           INSTR:   8 TICK:  18 PC:  21 ADDR:   1 MEM_OUT: 1 ACC: 1 OP_REG: 1 COMMAND: EQ 1 @20
  DEBUG   machine:log           INSTR:   9 TICK:  19 PC:  22 ADDR:   1 MEM_OUT: 1 ACC: 1 OP_REG: 1 COMMAND: JPZ 23 @21
  DEBUG   machine:log           INSTR:  10 TICK:  21 PC:  23 ADDR:   5 MEM_OUT: 2147483713 ACC: 2147483713 OP_REG: 1 COMMAND: LD 5 @22
  DEBUG   machine:log           INSTR:  11 TICK:  26 PC:  24 ADDR:  66 MEM_OUT: 84 ACC: 84 OP_REG: 1 COMMAND: OUT 0 @23
  DEBUG   machine:log           INSTR:  12 TICK:  28 PC:  25 ADDR:   2 MEM_OUT: 1 ACC: 1 OP_REG: 1 COMMAND: LD 2 @24
  DEBUG   machine:log           INSTR:  13 TICK:  31 PC:  26 ADDR:   1 MEM_OUT: 1 ACC: 1 OP_REG: 1 COMMAND: EQ 1 @25
  DEBUG   machine:log           INSTR:  14 TICK:  32 PC:  27 ADDR:   1 MEM_OUT: 1 ACC: 1 OP_REG: 1 COMMAND: JPZ 29 @26
  DEBUG   machine:log           INSTR:  15 TICK:  34 PC:  28 ADDR:   3 MEM_OUT: 0 ACC: 0 OP_REG: 1 COMMAND: LD 3 @27
  DEBUG   machine:log           INSTR:  16 TICK:  37 PC:  29 ADDR:   1 MEM_OUT: 1 ACC: 1 OP_REG: 0 COMMAND: ADD 1 @28
  DEBUG   machine:log           INSTR:  17 TICK:  39 PC:  30 ADDR:   6 MEM_OUT: 1 ACC: 1 OP_REG: 0 COMMAND: ST 6 @29
  DEBUG   machine:log           INSTR:  18 TICK:  41 PC:  31 ADDR:   6 MEM_OUT: 1 ACC: 1 OP_REG: 0 COMMAND: LD 6 @30
  DEBUG   machine:log           INSTR:  19 TICK:  44 PC:  32 ADDR:   1 MEM_OUT: 1 ACC: 1 OP_REG: 1 COMMAND: EQ 1 @31
  DEBUG   machine:log           INSTR:  20 TICK:  45 PC:  33 ADDR:   1 MEM_OUT: 1 ACC: 1 OP_REG: 1 COMMAND: JPZ 34 @32
  DEBUG   machine:log           INSTR:  21 TICK:  46 PC:  34 ADDR:   1 MEM_OUT: 1 ACC: 100 OP_REG: 1 COMMAND: IN 1 @33
  DEBUG   machine:log           INSTR:  22 TICK:  47 PC:  35 ADDR:   1 MEM_OUT: 1 ACC: 100 OP_REG: 1 COMMAND: OUT 0 @34
  DEBUG   machine:log           INSTR:  23 TICK:  49 PC:  36 ADDR:   7 MEM_OUT: 2147483715 ACC: 2147483715 OP_REG: 1 COMMAND: LD 7 @35
  DEBUG   machine:log           INSTR:  24 TICK:  54 PC:  37 ADDR:  68 MEM_OUT: 10 ACC: 10 OP_REG: 1 COMMAND: OUT 0 @36
  DEBUG   machine:log           INSTR:  25 TICK:  56 PC:  38 ADDR:   2 MEM_OUT: 1 ACC: 1 OP_REG: 1 COMMAND: LD 2 @37
  DEBUG   machine:log           INSTR:  26 TICK:  57 PC:  39 ADDR:   2 MEM_OUT: 1 ACC: 1 OP_REG: 1 COMMAND: OUT_PURE 0 @38
  DEBUG   machine:log           INSTR:  27 TICK:  59 PC:  40 ADDR:   7 MEM_OUT: 2147483715 ACC: 2147483715 OP_REG: 1 COMMAND: LD 7 @39
  DEBUG   machine:log           INSTR:  28 TICK:  64 PC:  41 ADDR:  68 MEM_OUT: 10 ACC: 10 OP_REG: 1 COMMAND: OUT 0 @40
  DEBUG   machine:log           INSTR:  29 TICK:  66 PC:  42 ADDR:   2 MEM_OUT: 1 ACC: 1 OP_REG: 1 COMMAND: LD 2 @41
  DEBUG   machine:log           INSTR:  30 TICK:  69 PC:  43 ADDR:   1 MEM_OUT: 1 ACC: 2 OP_REG: 1 COMMAND: ADD 1 @42
  DEBUG   machine:log           INSTR:  31 TICK:  71 PC:  44 ADDR:   8 MEM_OUT: 2 ACC: 2 OP_REG: 1 COMMAND: ST 8 @43
  DEBUG   machine:log           INSTR:  32 TICK:  73 PC:  45 ADDR:   8 MEM_OUT: 2 ACC: 2 OP_REG: 1 COMMAND: LD 8 @44
  DEBUG   machine:log           INSTR:  33 TICK:  76 PC:  46 ADDR:   9 MEM_OUT: 3 ACC: 1 OP_REG: 2 COMMAND: LW 9 @45
  DEBUG   machine:log           INSTR:  34 TICK:  78 PC:  47 ADDR:  10 MEM_OUT: 1 ACC: 1 OP_REG: 2 COMMAND: ST 10 @46
  DEBUG   machine:log           INSTR:  35 TICK:  80 PC:  48 ADDR:   2 MEM_OUT: 1 ACC: 1 OP_REG: 2 COMMAND: LD 2 @47
  DEBUG   machine:log           INSTR:  36 TICK:  83 PC:  49 ADDR:   1 MEM_OUT: 1 ACC: 2 OP_REG: 1 COMMAND: ADD 1 @48
  DEBUG   machine:log           INSTR:  37 TICK:  85 PC:  50 ADDR:  11 MEM_OUT: 2 ACC: 2 OP_REG: 1 COMMAND: ST 11 @49
  DEBUG   machine:log           INSTR:  38 TICK:  87 PC:  51 ADDR:  11 MEM_OUT: 2 ACC: 2 OP_REG: 1 COMMAND: LD 11 @50
  DEBUG   machine:log           INSTR:  39 TICK:  90 PC:  52 ADDR:   9 MEM_OUT: 3 ACC: 0 OP_REG: 2 COMMAND: EQ 9 @51
  DEBUG   machine:log           INSTR:  40 TICK:  92 PC:  53 ADDR:  12 MEM_OUT: 0 ACC: 0 OP_REG: 2 COMMAND: ST 12 @52
  DEBUG   machine:log           INSTR:  41 TICK:  94 PC:  54 ADDR:  10 MEM_OUT: 1 ACC: 1 OP_REG: 2 COMMAND: LD 10 @53
  DEBUG   machine:log           INSTR:  42 TICK:  97 PC:  55 ADDR:  12 MEM_OUT: 0 ACC: 1 OP_REG: 1 COMMAND: OR 12 @54
  DEBUG   machine:log           INSTR:  43 TICK:  98 PC:  56 ADDR:  12 MEM_OUT: 0 ACC: 1 OP_REG: 1 COMMAND: JPZ 64 @55
  DEBUG   machine:log           INSTR:  44 TICK: 100 PC:  57 ADDR:   2 MEM_OUT: 1 ACC: 1 OP_REG: 1 COMMAND: LD 2 @56
  DEBUG   machine:log           INSTR:  45 TICK: 103 PC:  58 ADDR:   1 MEM_OUT: 1 ACC: 2 OP_REG: 1 COMMAND: ADD 1 @57
  DEBUG   machine:log           INSTR:  46 TICK: 105 PC:  59 ADDR:   2 MEM_OUT: 2 ACC: 2 OP_REG: 1 COMMAND: ST 2 @58
  DEBUG   machine:log           INSTR:  47 TICK: 107 PC:  60 ADDR:   2 MEM_OUT: 2 ACC: 2 OP_REG: 1 COMMAND: LD 2 @59
  DEBUG   machine:log           INSTR:  48 TICK: 108 PC:  61 ADDR:   2 MEM_OUT: 2 ACC: 2 OP_REG: 1 COMMAND: OUT_PURE 0 @60
  DEBUG   machine:log           INSTR:  49 TICK: 110 PC:  62 ADDR:   7 MEM_OUT: 2147483715 ACC: 2147483715 OP_REG: 1 COMMAND: LD 7 @61
  DEBUG   machine:log           INSTR:  50 TICK: 115 PC:  63 ADDR:  68 MEM_OUT: 10 ACC: 10 OP_REG: 1 COMMAND: OUT 0 @62
  DEBUG   machine:log           INSTR:  51 TICK: 116 PC:  41 ADDR:  68 MEM_OUT: 10 ACC: 10 OP_REG: 1 COMMAND: JP 41 @63
  DEBUG   machine:log           INSTR:  52 TICK: 118 PC:  42 ADDR:   2 MEM_OUT: 2 ACC: 2 OP_REG: 1 COMMAND: LD 2 @41
  DEBUG   machine:log           INSTR:  53 TICK: 121 PC:  43 ADDR:   1 MEM_OUT: 1 ACC: 3 OP_REG: 2 COMMAND: ADD 1 @42
  DEBUG   machine:log           INSTR:  54 TICK: 123 PC:  44 ADDR:   8 MEM_OUT: 3 ACC: 3 OP_REG: 2 COMMAND: ST 8 @43
  DEBUG   machine:log           INSTR:  55 TICK: 125 PC:  45 ADDR:   8 MEM_OUT: 3 ACC: 3 OP_REG: 2 COMMAND: LD 8 @44
  DEBUG   machine:log           INSTR:  56 TICK: 128 PC:  46 ADDR:   9 MEM_OUT: 3 ACC: 0 OP_REG: 3 COMMAND: LW 9 @45
  DEBUG   machine:log           INSTR:  57 TICK: 130 PC:  47 ADDR:  10 MEM_OUT: 0 ACC: 0 OP_REG: 3 COMMAND: ST 10 @46
  DEBUG   machine:log           INSTR:  58 TICK: 132 PC:  48 ADDR:   2 MEM_OUT: 2 ACC: 2 OP_REG: 3 COMMAND: LD 2 @47
  DEBUG   machine:log           INSTR:  59 TICK: 135 PC:  49 ADDR:   1 MEM_OUT: 1 ACC: 3 OP_REG: 2 COMMAND: ADD 1 @48
  DEBUG   machine:log           INSTR:  60 TICK: 137 PC:  50 ADDR:  11 MEM_OUT: 3 ACC: 3 OP_REG: 2 COMMAND: ST 11 @49
  DEBUG   machine:log           INSTR:  61 TICK: 139 PC:  51 ADDR:  11 MEM_OUT: 3 ACC: 3 OP_REG: 2 COMMAND: LD 11 @50
  DEBUG   machine:log           INSTR:  62 TICK: 142 PC:  52 ADDR:   9 MEM_OUT: 3 ACC: 1 OP_REG: 3 COMMAND: EQ 9 @51
  DEBUG   machine:log           INSTR:  63 TICK: 144 PC:  53 ADDR:  12 MEM_OUT: 1 ACC: 1 OP_REG: 3 COMMAND: ST 12 @52
  DEBUG   machine:log           INSTR:  64 TICK: 146 PC:  54 ADDR:  10 MEM_OUT: 0 ACC: 0 OP_REG: 3 COMMAND: LD 10 @53
  DEBUG   machine:log           INSTR:  65 TICK: 149 PC:  55 ADDR:  12 MEM_OUT: 1 ACC: 1 OP_REG: 0 COMMAND: OR 12 @54
  DEBUG   machine:log           INSTR:  66 TICK: 150 PC:  56 ADDR:  12 MEM_OUT: 1 ACC: 1 OP_REG: 0 COMMAND: JPZ 64 @55
  DEBUG   machine:log           INSTR:  67 TICK: 152 PC:  57 ADDR:   2 MEM_OUT: 2 ACC: 2 OP_REG: 0 COMMAND: LD 2 @56
  DEBUG   machine:log           INSTR:  68 TICK: 155 PC:  58 ADDR:   1 MEM_OUT: 1 ACC: 3 OP_REG: 2 COMMAND: ADD 1 @57
  DEBUG   machine:log           INSTR:  69 TICK: 157 PC:  59 ADDR:   2 MEM_OUT: 3 ACC: 3 OP_REG: 2 COMMAND: ST 2 @58
  DEBUG   machine:log           INSTR:  70 TICK: 159 PC:  60 ADDR:   2 MEM_OUT: 3 ACC: 3 OP_REG: 2 COMMAND: LD 2 @59
  DEBUG   machine:log           INSTR:  71 TICK: 160 PC:  61 ADDR:   2 MEM_OUT: 3 ACC: 3 OP_REG: 2 COMMAND: OUT_PURE 0 @60
  DEBUG   machine:log           INSTR:  72 TICK: 162 PC:  62 ADDR:   7 MEM_OUT: 2147483715 ACC: 2147483715 OP_REG: 2 COMMAND: LD 7 @61
  DEBUG   machine:log           INSTR:  73 TICK: 167 PC:  63 ADDR:  68 MEM_OUT: 10 ACC: 10 OP_REG: 2 COMMAND: OUT 0 @62
  DEBUG   machine:log           INSTR:  74 TICK: 168 PC:  41 ADDR:  68 MEM_OUT: 10 ACC: 10 OP_REG: 2 COMMAND: JP 41 @63
  DEBUG   machine:log           INSTR:  75 TICK: 170 PC:  42 ADDR:   2 MEM_OUT: 3 ACC: 3 OP_REG: 2 COMMAND: LD 2 @41
  DEBUG   machine:log           INSTR:  76 TICK: 173 PC:  43 ADDR:   1 MEM_OUT: 1 ACC: 4 OP_REG: 3 COMMAND: ADD 1 @42
  DEBUG   machine:log           INSTR:  77 TICK: 175 PC:  44 ADDR:   8 MEM_OUT: 4 ACC: 4 OP_REG: 3 COMMAND: ST 8 @43
  DEBUG   machine:log           INSTR:  78 TICK: 177 PC:  45 ADDR:   8 MEM_OUT: 4 ACC: 4 OP_REG: 3 COMMAND: LD 8 @44
  DEBUG   machine:log           INSTR:  79 TICK: 180 PC:  46 ADDR:   9 MEM_OUT: 3 ACC: 0 OP_REG: 4 COMMAND: LW 9 @45
  DEBUG   machine:log           INSTR:  80 TICK: 182 PC:  47 ADDR:  10 MEM_OUT: 0 ACC: 0 OP_REG: 4 COMMAND: ST 10 @46
  DEBUG   machine:log           INSTR:  81 TICK: 184 PC:  48 ADDR:   2 MEM_OUT: 3 ACC: 3 OP_REG: 4 COMMAND: LD 2 @47
  DEBUG   machine:log           INSTR:  82 TICK: 187 PC:  49 ADDR:   1 MEM_OUT: 1 ACC: 4 OP_REG: 3 COMMAND: ADD 1 @48
  DEBUG   machine:log           INSTR:  83 TICK: 189 PC:  50 ADDR:  11 MEM_OUT: 4 ACC: 4 OP_REG: 3 COMMAND: ST 11 @49
  DEBUG   machine:log           INSTR:  84 TICK: 191 PC:  51 ADDR:  11 MEM_OUT: 4 ACC: 4 OP_REG: 3 COMMAND: LD 11 @50
  DEBUG   machine:log           INSTR:  85 TICK: 194 PC:  52 ADDR:   9 MEM_OUT: 3 ACC: 0 OP_REG: 4 COMMAND: EQ 9 @51
  DEBUG   machine:log           INSTR:  86 TICK: 196 PC:  53 ADDR:  12 MEM_OUT: 0 ACC: 0 OP_REG: 4 COMMAND: ST 12 @52
  DEBUG   machine:log           INSTR:  87 TICK: 198 PC:  54 ADDR:  10 MEM_OUT: 0 ACC: 0 OP_REG: 4 COMMAND: LD 10 @53
  DEBUG   machine:log           INSTR:  88 TICK: 201 PC:  55 ADDR:  12 MEM_OUT: 0 ACC: 0 OP_REG: 0 COMMAND: OR 12 @54
  DEBUG   machine:log           INSTR:  89 TICK: 202 PC:  64 ADDR:  12 MEM_OUT: 0 ACC: 0 OP_REG: 0 COMMAND: JPZ 64 @55
  DEBUG   machine:simulate      Total instructions: 90
  DEBUG   machine:simulate      Total ticks: 202
  DEBUG   machine:simulate      Output buffer: 1Td
  1
  2
  3

  DEBUG   machine:simulate      Execution stopped
