in_source: |-
  (print "H" "e" "l" "l" "o" "\s" "w" "o" "r" "l" "d")
in_stdin: |-
  foo
out_code: |
  JP 10 
  NOP  
  NOP  
  NOP  
  NOP  
  NOP  
  NOP  
  NOP  
  NOP  
  NOP  
  LIT 72 
  ST 2 
  LIT 101 
  ST 3 
  LIT 108 
  ST 4 
  LIT 111 
  ST 5 
  LIT 32 
  ST 6 
  LIT 119 
  ST 7 
  LIT 114 
  ST 8 
  LIT 100 
  ST 9 
  LD 2 
  OUT 0 
  LD 3 
  OUT 0 
  LD 4 
  OUT 0 
  LD 4 
  OUT 0 
  LD 5 
  OUT 0 
  LD 6 
  OUT 0 
  LD 7 
  OUT 0 
  LD 5 
  OUT 0 
  LD 8 
  OUT 0 
  LD 4 
  OUT 0 
  LD 9 
  OUT 0 
  HLT  
out_stdout: |
  source LoC: 0 code instr: 49
  ============================================================
  Hello world
  ------------ ФИО ------------- | alg | LoC | code | инстр. | такт. 
  Шляпников Александр Дмитриевич | --- | --- | 49 | 39 | 39
out_log: |
  DEBUG   machine:log           TICK:   1 PC:  10 ADDR:   0 MEM_OUT: Opcode.JP ACC: 0 OP_REG: 0 COMMAND: LIT 72@10
  DEBUG   machine:log           TICK:   2 PC:  11 ADDR:   0 MEM_OUT: Opcode.JP ACC: 72 OP_REG: 0 COMMAND: ST 2@11
  DEBUG   machine:log           TICK:   3 PC:  12 ADDR:   2 MEM_OUT: 72 ACC: 72 OP_REG: 0 COMMAND: LIT 101@12
  DEBUG   machine:log           TICK:   4 PC:  13 ADDR:   2 MEM_OUT: 72 ACC: 101 OP_REG: 0 COMMAND: ST 3@13
  DEBUG   machine:log           TICK:   5 PC:  14 ADDR:   3 MEM_OUT: 101 ACC: 101 OP_REG: 0 COMMAND: LIT 108@14
  DEBUG   machine:log           TICK:   6 PC:  15 ADDR:   3 MEM_OUT: 101 ACC: 108 OP_REG: 0 COMMAND: ST 4@15
  DEBUG   machine:log           TICK:   7 PC:  16 ADDR:   4 MEM_OUT: 108 ACC: 108 OP_REG: 0 COMMAND: LIT 111@16
  DEBUG   machine:log           TICK:   8 PC:  17 ADDR:   4 MEM_OUT: 108 ACC: 111 OP_REG: 0 COMMAND: ST 5@17
  DEBUG   machine:log           TICK:   9 PC:  18 ADDR:   5 MEM_OUT: 111 ACC: 111 OP_REG: 0 COMMAND: LIT 32@18
  DEBUG   machine:log           TICK:  10 PC:  19 ADDR:   5 MEM_OUT: 111 ACC: 32 OP_REG: 0 COMMAND: ST 6@19
  DEBUG   machine:log           TICK:  11 PC:  20 ADDR:   6 MEM_OUT: 32 ACC: 32 OP_REG: 0 COMMAND: LIT 119@20
  DEBUG   machine:log           TICK:  12 PC:  21 ADDR:   6 MEM_OUT: 32 ACC: 119 OP_REG: 0 COMMAND: ST 7@21
  DEBUG   machine:log           TICK:  13 PC:  22 ADDR:   7 MEM_OUT: 119 ACC: 119 OP_REG: 0 COMMAND: LIT 114@22
  DEBUG   machine:log           TICK:  14 PC:  23 ADDR:   7 MEM_OUT: 119 ACC: 114 OP_REG: 0 COMMAND: ST 8@23
  DEBUG   machine:log           TICK:  15 PC:  24 ADDR:   8 MEM_OUT: 114 ACC: 114 OP_REG: 0 COMMAND: LIT 100@24
  DEBUG   machine:log           TICK:  16 PC:  25 ADDR:   8 MEM_OUT: 114 ACC: 100 OP_REG: 0 COMMAND: ST 9@25
  DEBUG   machine:log           TICK:  17 PC:  26 ADDR:   9 MEM_OUT: 100 ACC: 100 OP_REG: 0 COMMAND: LD 2@26
  DEBUG   machine:log           TICK:  18 PC:  27 ADDR:   2 MEM_OUT: 72 ACC: 72 OP_REG: 0 COMMAND: OUT 0@27
  DEBUG   machine:log           TICK:  19 PC:  28 ADDR:   2 MEM_OUT: 72 ACC: 72 OP_REG: 0 COMMAND: LD 3@28
  DEBUG   machine:log           TICK:  20 PC:  29 ADDR:   3 MEM_OUT: 101 ACC: 101 OP_REG: 0 COMMAND: OUT 0@29
  DEBUG   machine:log           TICK:  21 PC:  30 ADDR:   3 MEM_OUT: 101 ACC: 101 OP_REG: 0 COMMAND: LD 4@30
  DEBUG   machine:log           TICK:  22 PC:  31 ADDR:   4 MEM_OUT: 108 ACC: 108 OP_REG: 0 COMMAND: OUT 0@31
  DEBUG   machine:log           TICK:  23 PC:  32 ADDR:   4 MEM_OUT: 108 ACC: 108 OP_REG: 0 COMMAND: LD 4@32
  DEBUG   machine:log           TICK:  24 PC:  33 ADDR:   4 MEM_OUT: 108 ACC: 108 OP_REG: 0 COMMAND: OUT 0@33
  DEBUG   machine:log           TICK:  25 PC:  34 ADDR:   4 MEM_OUT: 108 ACC: 108 OP_REG: 0 COMMAND: LD 5@34
  DEBUG   machine:log           TICK:  26 PC:  35 ADDR:   5 MEM_OUT: 111 ACC: 111 OP_REG: 0 COMMAND: OUT 0@35
  DEBUG   machine:log           TICK:  27 PC:  36 ADDR:   5 MEM_OUT: 111 ACC: 111 OP_REG: 0 COMMAND: LD 6@36
  DEBUG   machine:log           TICK:  28 PC:  37 ADDR:   6 MEM_OUT: 32 ACC: 32 OP_REG: 0 COMMAND: OUT 0@37
  DEBUG   machine:log           TICK:  29 PC:  38 ADDR:   6 MEM_OUT: 32 ACC: 32 OP_REG: 0 COMMAND: LD 7@38
  DEBUG   machine:log           TICK:  30 PC:  39 ADDR:   7 MEM_OUT: 119 ACC: 119 OP_REG: 0 COMMAND: OUT 0@39
  DEBUG   machine:log           TICK:  31 PC:  40 ADDR:   7 MEM_OUT: 119 ACC: 119 OP_REG: 0 COMMAND: LD 5@40
  DEBUG   machine:log           TICK:  32 PC:  41 ADDR:   5 MEM_OUT: 111 ACC: 111 OP_REG: 0 COMMAND: OUT 0@41
  DEBUG   machine:log           TICK:  33 PC:  42 ADDR:   5 MEM_OUT: 111 ACC: 111 OP_REG: 0 COMMAND: LD 8@42
  DEBUG   machine:log           TICK:  34 PC:  43 ADDR:   8 MEM_OUT: 114 ACC: 114 OP_REG: 0 COMMAND: OUT 0@43
  DEBUG   machine:log           TICK:  35 PC:  44 ADDR:   8 MEM_OUT: 114 ACC: 114 OP_REG: 0 COMMAND: LD 4@44
  DEBUG   machine:log           TICK:  36 PC:  45 ADDR:   4 MEM_OUT: 108 ACC: 108 OP_REG: 0 COMMAND: OUT 0@45
  DEBUG   machine:log           TICK:  37 PC:  46 ADDR:   4 MEM_OUT: 108 ACC: 108 OP_REG: 0 COMMAND: LD 9@46
  DEBUG   machine:log           TICK:  38 PC:  47 ADDR:   9 MEM_OUT: 100 ACC: 100 OP_REG: 0 COMMAND: OUT 0@47
  DEBUG   machine:log           TICK:  39 PC:  48 ADDR:   9 MEM_OUT: 100 ACC: 100 OP_REG: 0 COMMAND: HLT @48
  DEBUG   machine:simulate      Output buffer: Hello world
  DEBUG   machine:simulate      Execution stopped
