in_source: |-
  (print ">\sHello\swhat\sis\syour\sname?\n")
  (input a)
  (print "<\s" a "\n>\sHi,\s" a "!")
in_stdin: |-
  Alex Hatson
out_code: |
  JP 6
  MEM 2147483668
  MEM 2147483696
  MEM 2147483761
  MEM 2147483764
  MEM 2147483772
  LD 1
  OUT 0
  IN 1 2
  LD 3
  OUT 0
  LD 2
  OUT 0
  LD 4
  OUT 0
  LD 2
  OUT 0
  LD 5
  OUT 0
  HLT
  MEM 27
  MEM 62
  MEM 32
  MEM 72
  MEM 101
  MEM 108
  MEM 108
  MEM 111
  MEM 32
  MEM 119
  MEM 104
  MEM 97
  MEM 116
  MEM 32
  MEM 105
  MEM 115
  MEM 32
  MEM 121
  MEM 111
  MEM 117
  MEM 114
  MEM 32
  MEM 110
  MEM 97
  MEM 109
  MEM 101
  MEM 63
  MEM 10
  MEM 0
  MEM 0
  MEM 0
  MEM 0
  MEM 0
  MEM 0
  MEM 0
  MEM 0
  MEM 0
  MEM 0
  MEM 0
  MEM 0
  MEM 0
  MEM 0
  MEM 0
  MEM 0
  MEM 0
  MEM 0
  MEM 0
  MEM 0
  MEM 0
  MEM 0
  MEM 0
  MEM 0
  MEM 0
  MEM 0
  MEM 0
  MEM 0
  MEM 0
  MEM 0
  MEM 0
  MEM 0
  MEM 0
  MEM 0
  MEM 0
  MEM 0
  MEM 0
  MEM 0
  MEM 0
  MEM 0
  MEM 0
  MEM 0
  MEM 0
  MEM 0
  MEM 0
  MEM 0
  MEM 0
  MEM 0
  MEM 0
  MEM 0
  MEM 0
  MEM 0
  MEM 0
  MEM 0
  MEM 0
  MEM 0
  MEM 0
  MEM 0
  MEM 0
  MEM 0
  MEM 0
  MEM 0
  MEM 0
  MEM 0
  MEM 0
  MEM 2
  MEM 60
  MEM 32
  MEM 7
  MEM 10
  MEM 62
  MEM 32
  MEM 72
  MEM 105
  MEM 44
  MEM 32
  MEM 1
  MEM 33
out_stdout: |
  source LoC: 3 code instr: 15
  ============================================================
  > Hello what is your name?
  < Alex Hatson
  > Hi, Alex Hatson!
out_log: |
  DEBUG   machine:log           INSTR:   0 TICK:   1 PC:   6 ADDR:   0 MEM_OUT: Opcode.JP ACC: 0 OP_REG: 0 COMMAND: JP 6 @0
  DEBUG   machine:log           INSTR:   1 TICK:   3 PC:   7 ADDR:   1 MEM_OUT: 2147483668 ACC: 2147483668 OP_REG: 0 COMMAND: LD 1 @6
  DEBUG   machine:log           INSTR:   2 TICK:  62 PC:   8 ADDR:  48 MEM_OUT: 0 ACC: 10 OP_REG: 0 COMMAND: OUT 0 @7
  DEBUG   machine:log           INSTR:   3 TICK:  93 PC:   9 ADDR:  48 MEM_OUT: 11 ACC: 11 OP_REG: 0 COMMAND: IN 1 2 @8
  DEBUG   machine:log           INSTR:   4 TICK:  95 PC:  10 ADDR:   3 MEM_OUT: 2147483761 ACC: 2147483761 OP_REG: 0 COMMAND: LD 3 @9
  DEBUG   machine:log           INSTR:   5 TICK: 104 PC:  11 ADDR: 116 MEM_OUT: 7 ACC: 32 OP_REG: 0 COMMAND: OUT 0 @10
  DEBUG   machine:log           INSTR:   6 TICK: 106 PC:  12 ADDR:   2 MEM_OUT: 2147483696 ACC: 2147483696 OP_REG: 0 COMMAND: LD 2 @11
  DEBUG   machine:log           INSTR:   7 TICK: 133 PC:  13 ADDR:  60 MEM_OUT: 0 ACC: 110 OP_REG: 0 COMMAND: OUT 0 @12
  DEBUG   machine:log           INSTR:   8 TICK: 135 PC:  14 ADDR:   4 MEM_OUT: 2147483764 ACC: 2147483764 OP_REG: 0 COMMAND: LD 4 @13
  DEBUG   machine:log           INSTR:   9 TICK: 154 PC:  15 ADDR: 124 MEM_OUT: 1 ACC: 32 OP_REG: 0 COMMAND: OUT 0 @14
  DEBUG   machine:log           INSTR:  10 TICK: 156 PC:  16 ADDR:   2 MEM_OUT: 2147483696 ACC: 2147483696 OP_REG: 0 COMMAND: LD 2 @15
  DEBUG   machine:log           INSTR:  11 TICK: 183 PC:  17 ADDR:  60 MEM_OUT: 0 ACC: 110 OP_REG: 0 COMMAND: OUT 0 @16
  DEBUG   machine:log           INSTR:  12 TICK: 185 PC:  18 ADDR:   5 MEM_OUT: 2147483772 ACC: 2147483772 OP_REG: 0 COMMAND: LD 5 @17
  DEBUG   machine:log           INSTR:  13 TICK: 192 PC:  19 ADDR: 126 MEM_OUT: 0 ACC: 33 OP_REG: 0 COMMAND: OUT 0 @18
  DEBUG   machine:simulate      Total instructions: 15
  DEBUG   machine:simulate      Total ticks: 192
  DEBUG   machine:simulate      Output buffer: > Hello what is your name?
  < Alex Hatson
  > Hi, Alex Hatson!
  DEBUG   machine:simulate      Execution stopped
